// Jest Snapshot v1, https://goo.gl/fbAQLP

exports[`ninth-post should match snapshot 1`] = `
<DocumentFragment>
  <div>
    <h1>
      Im just a living rockstar
    </h1>
    <button
      data-testid="button-nih"
    />
  </div>
</DocumentFragment>
`;
